[renova-q.com/index.html]
[backblue.gif]
[fade.gif]
[index.html]
[renova-q.com/img/logo-web.jpg]
[renova-q.com/img/logo.webp]
[cdnjs.cloudflare.com/ajax/libs/font-awesome/6.5.1/css/all.min.css]
[renova-q.com/topBar 1/css/ebtb1-topBar.css]
[renova-q.com/header 3/css/ebhdr3-navbar.css]
[renova-q.com/hero 3/css/ebhro3-hero.css]
[renova-q.com/services 3/css/ebsrv3-services.css]
[renova-q.com/achievement 1/css/ebatc1-achievement.css]
[renova-q.com/points 1/css/ebpt1-points.css]
[renova-q.com/fqa 3/css/ebfq3-fqa.css]
[renova-q.com/contact 3/css/ebci3-contact.css]
[renova-q.com/ctaf1/css/ebctaf1-ctaf-call-popup.css]
[renova-q.com/ctaf1/css/ebctaf1-ctaf.css]
[renova-q.com/ctad1/css/ebctad1-ctad-call-popup.css]
[renova-q.com/ctad1/css/ebctad1-ctad.css]
[renova-q.com/footer 1/css/ebftr1-footer.css]
[renova-q.com/En.css]
[renova-q.com/services-en.html]
[renova-q.com/marble-granite-flooring.html]
[renova-q.com/advanced-decoration-fit-out.html]
[renova-q.com/total-renovation-amc.html]
[renova-q.com/kitchens-wardrobes.html]
[renova-q.com/electrical-plumbing.html]
[renova-q.com/hvac-services.html]
[renova-q.com/painting-wall-coverings.html]
[renova-q.com/contact-us-en.html]
[renova-q.com/about-us-en.html]
[renova-q.com/index-ar.html]
[renova-q.com/img/الرخام.webp]
[renova-q.com/img/ديكور.webp]
[renova-q.com/img/التجديد-الشامل.webp]
[renova-q.com/img/المطابخ.webp]
[renova-q.com/img/الكهرباء-السباكة.webp]
[renova-q.com/img/التكييف.webp]
[renova-q.com/img/الاصباغ-الدهانات.webp]
[renova-q.com/header 3/js/ebhdr3-navbar.js]
[renova-q.com/header 3/js/ebhdr3-navbarDropdown.js]
[renova-q.com/hero 3/js/ebhro3-heroAnimatio.js]
[renova-q.com/services 3/js/ebsrve-servicesSectionAnimatio.js]
[renova-q.com/achievement 1/js/ebatc1-achievmentsCounter.js]
[renova-q.com/fqa 3/js/ebfq3-control.js]
[renova-q.com/contact 3/js/ebci3-contactAnimation.js]
[renova-q.com/ctad1/js/ebctad1-ctad.js]
[renova-q.com/index.html]
[cdnjs.cloudflare.com/ajax/libs/font-awesome/6.5.1/css/all.min.css]
[renovaq.com/img/logo-web.html]
[renova-q.com/topBar 1/css/ebtb1-topBar.css]
[renova-q.com/header 3/css/ebhdr3-navbar.css]
[renova-q.com/hero 3/css/ebhro3-hero.css]
[renova-q.com/services 3/css/ebsrv3-services.css]
[renova-q.com/achievement 1/css/ebatc1-achievement.css]
[renova-q.com/points 1/css/ebpt1-points.css]
[renova-q.com/fqa 3/css/ebfq3-fqa.css]
[renova-q.com/contact 3/css/ebci3-contact.css]
[renova-q.com/ctaf1/css/ebctaf1-ctaf-call-popup.css]
[renova-q.com/ctaf1/css/ebctaf1-ctaf.css]
[renova-q.com/ctad1/css/ebctad1-ctad-call-popup.css]
[renova-q.com/ctad1/css/ebctad1-ctad.css]
[renova-q.com/footer 1/css/ebftr1-footer.css]
[renova-q.com/En.css]
[renova-q.com/ctaf1/js/ebctaf1-ctaf.js]
[renova-q.com/services.html]
[renova-q.com/services-en.html]
[renova-q.com/الرخام-الجرانيت-الارضيات.html]
[renova-q.com/marble-granite-flooring.html]
[renova-q.com/الديكورات-المتقدمة-التشطيب.html]
[renova-q.com/contact-us.html]
[renova-q.com/advanced-decoration-fit-out.html]
[renova-q.com/about-us.html]
[renova-q.com/التجديد-الشامل-وعقود-الصيانة.html]
[renova-q.com/total-renovation-amc.html]
[renova-q.com/المطابخ-وخزائن-الملابس.html]
[renova-q.com/kitchens-wardrobes.html]
[renova-q.com/الكهرباء-والسباكة.html]
[renova-q.com/electrical-plumbing.html]
[renova-q.com/التكييف-والتهوية.html]
[renova-q.com/hvac-services.html]
[renova-q.com/الاصباغ-والدهانات.html]
[renova-q.com/painting-wall-coverings.html]
[renova-q.com/contact-us-en.html]
[renova-q.com/about-us-en.html]
[renova-q.com/index-ar.html]
[renova-q.com/header 3/js/ebhdr3-navbar.js]
[renova-q.com/header 3/js/ebhdr3-navbarDropdown.js]
[renova-q.com/hero 3/js/ebhro3-heroAnimatio.js]
[renova-q.com/services 3/js/ebsrve-servicesSectionAnimatio.js]
[renova-q.com/achievement 1/js/ebatc1-achievmentsCounter.js]
[renova-q.com/fqa 3/js/ebfq3-control.js]
[renova-q.com/contact 3/js/ebci3-contactAnimation.js]
[renova-q.com/ctad1/js/ebctad1-ctad.js]
[renova-q.com/ctaf1/js/ebctaf1-ctaf.js]
[renova-q.com/services.html]
[renova-q.com/الرخام-الجرانيت-الارضيات.html]
[renova-q.com/الديكورات-المتقدمة-التشطيب.html]
[renova-q.com/contact-us.html]
[renova-q.com/about-us.html]
[renova-q.com/التجديد-الشامل-وعقود-الصيانة.html]
[renova-q.com/المطابخ-وخزائن-الملابس.html]
[renova-q.com/الكهرباء-والسباكة.html]
[renova-q.com/التكييف-والتهوية.html]
[renova-q.com/الاصباغ-والدهانات.html]
